// Vitest Snapshot v1, https://vitest.dev/guide/snapshot.html

exports[`<Foto /> > matches snapshot 1`] = `
<div>
  <div
    class="foto"
  >
    <img
      alt="Alt Description"
      src="https://example.com/image.jpg"
    />
  </div>
</div>
`;
